// Jest Snapshot v1, https://goo.gl/fbAQLP

exports[`snapshots renders correclty 1`] = `
<div>
  Component1
</div>
`;
